Script started on 2022-12-29 20:13:45+05:30 [TERM="xterm-256color" TTY="/dev/pts/0" COLUMNS="120" LINES="30"]
[?2004h]0;pushvinder@TIGER02408: ~[01;32mpushvinder@TIGER02408[00m:[01;34m~[00m$ clear
[?2004l[H[2J[3J[?2004h]0;pushvinder@TIGER02408: ~[01;32mpushvinder@TIGER02408[00m:[01;34m~[00m$ ls
[?2004l[0m[01;34mTigerNLP[0m  my_GIT_session  my_unix_session
[?2004h]0;pushvinder@TIGER02408: ~[01;32mpushvinder@TIGER02408[00m:[01;34m~[00m$ git confid[Kg
[?2004lusage: git config [<options>]

Config file location
    --global              use global config file
    --system              use system config file
    --local               use repository config file
    --worktree            use per-worktree config file
    -f, --file <file>     use given config file
    --blob <blob-id>      read config from given blob object

Action
    --get                 get value: name [value-pattern]
    --get-all             get all values: key [value-pattern]
    --get-regexp          get values for regexp: name-regex [value-pattern]
    --get-urlmatch        get value specific for the URL: section[.var] URL
    --replace-all         replace all matching variables: name value [value-pattern]
    --add                 add a new variable: name value
    --unset               remove a variable: name [value-pattern]
    --unset-all           remove all matches: name [value-pattern]
    --rename-section      rename section: old-name new-name
    --remove-section      remove a section: name
    -l, --list            list all
    --fixed-value         use string equality when comparing values to 'value-pattern'
    -e, --edit            open an editor
    --get-color           find the color configured: slot [default]
    --get-colorbool       find the color setting: slot [stdout-is-tty]

Type
    -t, --type <>         value is given this type
    --bool                value is "true" or "false"
    --int                 value is decimal number
    --bool-or-int         value is --bool or --int
    --bool-or-str         value is --bool or string
    --path                value is a path (file or directory name)
    --expiry-date         value is an expiry date

Other
    -z, --null            terminate values with NUL byte
    --name-only           show variable names only
    --includes            respect include directives on lookup
    --show-origin         show origin of config (file, standard input, blob, command line)
    --show-scope          show scope of config (worktree, local, global, system, command)
    --default <value>     with --get, use default value when missing entry

[?2004h]0;pushvinder@TIGER02408: ~[01;32mpushvinder@TIGER02408[00m:[01;34m~[00m$ clear
[?2004l[H[2J[3J[?2004h]0;pushvinder@TIGER02408: ~[01;32mpushvinder@TIGER02408[00m:[01;34m~[00m$ git config --global user.name "John Doe"[K[K[K[K[K[K[K[K[K[Kpush[K[K[K[K"pushvine[Kder"
[?2004l[?2004h]0;pushvinder@TIGER02408: ~[01;32mpushvinder@TIGER02408[00m:[01;34m~[00m$ git config --global user.email johndoe@example.com[K[K[K[K[K[K[K[K[K[K[K[K[K[K[K[K[K[K[Kpushvinder.rohta@tigeranalytics.com
[?2004l[?2004h]0;pushvinder@TIGER02408: ~[01;32mpushvinder@TIGER02408[00m:[01;34m~[00m$ git config --global init.defaultBranch main
[?2004l[?2004h]0;pushvinder@TIGER02408: ~[01;32mpushvinder@TIGER02408[00m:[01;34m~[00m$ git config --list
[?2004l[?1h=user.name=pushvinder[m
user.email=pushvinder.rohta@tigeranalytics.com[m
init.defaultbranch=main[m
[K[?1l>[?2004h]0;pushvinder@TIGER02408: ~[01;32mpushvinder@TIGER02408[00m:[01;34m~[00m$ git config --listglobal init.defaultBranch main[K[K[K[KTAMLE
[?2004l[?2004h]0;pushvinder@TIGER02408: ~[01;32mpushvinder@TIGER02408[00m:[01;34m~[00m$ git config --global init.defaultBranch TAMLElist[K
[?2004l[?1h=user.name=pushvinder[m
user.email=pushvinder.rohta@tigeranalytics.com[m
init.defaultbranch=TAMLE[m
[K[?1l>[?2004h]0;pushvinder@TIGER02408: ~[01;32mpushvinder@TIGER02408[00m:[01;34m~[00m$ cleR[Kar
[?2004l[H[2J[3J[?2004h]0;pushvinder@TIGER02408: ~[01;32mpushvinder@TIGER02408[00m:[01;34m~[00m$ git clone[K[K[K[K[K[K[K[K[Kls
[?2004l[0m[01;34mTigerNLP[0m  my_GIT_session  my_unix_session
[?2004h]0;pushvinder@TIGER02408: ~[01;32mpushvinder@TIGER02408[00m:[01;34m~[00m$ git clone https://github.com/pushvinder-16/TAMLE.git
[?2004lCloning into 'TAMLE'...
Username for 'https://github.com': pushvinder-16
Password for 'https://pushvinder-16@github.com': 
remote: Support for password authentication was removed on August 13, 2021.
remote: Please see https://docs.github.com/en/get-started/getting-started-with-git/about-remote-repositories#cloning-with-https-urls for information on currently recommended modes of authentication.
fatal: Authentication failed for 'https://github.com/pushvinder-16/TAMLE.git/'
[?2004h]0;pushvinder@TIGER02408: ~[01;32mpushvinder@TIGER02408[00m:[01;34m~[00m$ git clone https://github.com/pushvinder-16/TAMLE.git
[?2004lCloning into 'TAMLE'...
Username for 'https://github.com': pushvinder-16
Password for 'https://pushvinder-16@github.com': 
remote: Support for password authentication was removed on August 13, 2021.
remote: Please see https://docs.github.com/en/get-started/getting-started-with-git/about-remote-repositories#cloning-with-https-urls for information on currently recommended modes of authentication.
fatal: Authentication failed for 'https://github.com/pushvinder-16/TAMLE.git/'
[?2004h]0;pushvinder@TIGER02408: ~[01;32mpushvinder@TIGER02408[00m:[01;34m~[00m$ git clone https://github.com/pushvinder-16/TAMLE.git
[?2004lCloning into 'TAMLE'...
Username for 'https://github.com': pushvinder-16
Password for 'https://pushvinder-16@github.com': 
remote: Support for password authentication was removed on August 13, 2021.
remote: Please see https://docs.github.com/en/get-started/getting-started-with-git/about-remote-repositories#cloning-with-https-urls for information on currently recommended modes of authentication.
fatal: Authentication failed for 'https://github.com/pushvinder-16/TAMLE.git/'
[?2004h]0;pushvinder@TIGER02408: ~[01;32mpushvinder@TIGER02408[00m:[01;34m~[00m$ git@github.com:pushvinder-16/TAMLE.git
[?2004lbash: git@github.com:pushvinder-16/TAMLE.git: No such file or directory
[?2004h]0;pushvinder@TIGER02408: ~[01;32mpushvinder@TIGER02408[00m:[01;34m~[00m$ git clone https://github.com/pushvinder-16/TAMLE.git
[?2004lCloning into 'TAMLE'...
Username for 'https://github.com': pushvinder-16
Password for 'https://pushvinder-16@github.com': 
remote: Support for password authentication was removed on August 13, 2021.
remote: Please see https://docs.github.com/en/get-started/getting-started-with-git/about-remote-repositories#cloning-with-https-urls for information on currently recommended modes of authentication.
fatal: Authentication failed for 'https://github.com/pushvinder-16/TAMLE.git/'
[?2004h]0;pushvinder@TIGER02408: ~[01;32mpushvinder@TIGER02408[00m:[01;34m~[00m$ clear
[?2004l[H[2J[3J[?2004h]0;pushvinder@TIGER02408: ~[01;32mpushvinder@TIGER02408[00m:[01;34m~[00m$ git clone https://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@github.com/<your account or organization>/<repo>.git[A[C[C[C[C[C[C[C[C[C[C[C[C[C[C[C[C[C[C[C[C[C[C[C[C[C[C[C[C[C[C[C[C[C[C[C[C[C[C[C[C[C[C[C[C[C[C[C[C[C[C[C[C[C[C[C[C[C[C[C[C[C[C[C[C[C[C[C[C[C[C[C[C[C[C[C[C[C[C[C[C[C[C[C[C[C[C[C[C[C[C[C[C[C[C[C[C[C[C[C[C[C[C[C[C[C[C[C[C[C[C[C[C[C[C[C[C[C[C[C@github.com/<your account or organizati[1Pon>/<repo>.git[A]0;pushvinder@TIGER02408: ~[01;32mpushvinder@TIGER02408[00m:[01;34m~[00m$ [C[C[C[C[C[C[C[C[C[C[C[C[C[C[C[C[C[C[C[C[C[C[C[C[C[C[C[C[C[C[C[C[C[C[C[C[C[C[C[C[C[C[C[C[C[C[C[C[C[C[C[C[C[C[C[C[C@github.com/<your account or organizatio[1Pn>/<repo>.git[A]0;pushvinder@TIGER02408: ~[01;32mpushvinder@TIGER02408[00m:[01;34m~[00m$ [C[C[C[C[C[C[C[C[C[C[C[C[C[C[C[C[C[C[C[C[C[C[C[C[C[C[C[C[C[C[C[C[C[C[C[C[C[C[C[C[C[C[C[C[C[C[C[C[C[C[C[C[C[C[C[C@github.com/<your account or organization[1P>/<repo>.git[A]0;pushvinder@TIGER02408: ~[01;32mpushvinder@TIGER02408[00m:[01;34m~[00m$ [C[C[C[C[C[C[C[C[C[C[C[C[C[C[C[C[C[C[C[C[C[C[C[C[C[C[C[C[C[C[C[C[C[C[C[C[C[C[C[C[C[C[C[C[C[C[C[C[C[C[C[C[C[C[C@github.com/<your account or organization>[1P/<repo>.git[A]0;pushvinder@TIGER02408: ~[01;32mpushvinder@TIGER02408[00m:[01;34m~[00m$ [C[C[C[C[C[C[C[C[C[C[C[C[C[C[C[C[C[C[C[C[C[C[C[C[C[C[C[C[C[C[C[C[C[C[C[C[C[C[C[C[C[C[C[C[C[C[C[C[C[C[C[C[C[C@github.com/<your account or organization>/[1P<repo>.git[A]0;pushvinder@TIGER02408: ~[01;32mpushvinder@TIGER02408[00m:[01;34m~[00m$ [C[C[C[C[C[C[C[C[C[C[C[C[C[C[C[C[C[C[C[C[C[C[C[C[C[C[C[C[C[C[C[C[C[C[C[C[C[C[C[C[C[C[C[C[C[C[C[C[C[C[C[C[C@github.com/<your account or organization>/<[1Prepo>.git[A]0;pushvinder@TIGER02408: ~[01;32mpushvinder@TIGER02408[00m:[01;34m~[00m$ [C[C[C[C[C[C[C[C[C[C[C[C[C[C[C[C[C[C[C[C[C[C[C[C[C[C[C[C[C[C[C[C[C[C[C[C[C[C[C[C[C[C[C[C[C[C[C[C[C[C[C[C@github.com/<your account or organization>/<r[1Pepo>.git[A]0;pushvinder@TIGER02408: ~[01;32mpushvinder@TIGER02408[00m:[01;34m~[00m$ [C[C[C[C[C[C[C[C[C[C[C[C[C[C[C[C[C[C[C[C[C[C[C[C[C[C[C[C[C[C[C[C[C[C[C[C[C[C[C[C[C[C[C[C[C[C[C[C[C[C[C@github.com/<your account or organization>/<re[1Ppo>.git[A]0;pushvinder@TIGER02408: ~[01;32mpushvinder@TIGER02408[00m:[01;34m~[00m$ [C[C[C[C[C[C[C[C[C[C[C[C[C[C[C[C[C[C[C[C[C[C[C[C[C[C[C[C[C[C[C[C[C[C[C[C[C[C[C[C[C[C[C[C[C[C[C[C[C[C@github.com/<your account or organization>/<rep[1Po>.git[A]0;pushvinder@TIGER02408: ~[01;32mpushvinder@TIGER02408[00m:[01;34m~[00m$ [C[C[C[C[C[C[C[C[C[C[C[C[C[C[C[C[C[C[C[C[C[C[C[C[C[C[C[C[C[C[C[C[C[C[C[C[C[C[C[C[C[C[C[C[C[C[C[C[C@github.com/<your account or organization>/<repo[1P>.git[A]0;pushvinder@TIGER02408: ~[01;32mpushvinder@TIGER02408[00m:[01;34m~[00m$ [C[C[C[C[C[C[C[C[C[C[C[C[C[C[C[C[C[C[C[C[C[C[C[C[C[C[C[C[C[C[C[C[C[C[C[C[C[C[C[C[C[C[C[C[C[C[C[C@github.com/<your account or organization>/<repo>[1P.git[A]0;pushvinder@TIGER02408: ~[01;32mpushvinder@TIGER02408[00m:[01;34m~[00m$ [C[C[C[C[C[C[C[C[C[C[C[C[C[C[C[C[C[C[C[C[C[C[C[C[C[C[C[C[C[C[C[C[C[C[C[C[C[C[C[C[C[C[C[C[C[C[C@github.com/<your account or organization>/<repo>.[1Pgit[A]0;pushvinder@TIGER02408: ~[01;32mpushvinder@TIGER02408[00m:[01;34m~[00m$ [C[C[C[C[C[C[C[C[C[C[C[C[C[C[C[C[C[C[C[C[C[C[C[C[C[C[C[C[C[C[C[C[C[C[C[C[C[C[C[C[C[C[C[C[C[C@github.com/<your account or organization>/<repo>.g[1Pit[A]0;pushvinder@TIGER02408: ~[01;32mpushvinder@TIGER02408[00m:[01;34m~[00m$ [C[C[C[C[C[C[C[C[C[C[C[C[C[C[C[C[C[C[C[C[C[C[C[C[C[C[C[C[C[C[C[C[C[C[C[C[C[C[C[C[C[C[C[C[C@github.com/<your account or organization>/<repo>.gi[1Pt[A]0;pushvinder@TIGER02408: ~[01;32mpushvinder@TIGER02408[00m:[01;34m~[00m$ [C[C[C[C[C[C[C[C[C[C[C[C[C[C[C[C[C[C[C[C[C[C[C[C[C[C[C[C[C[C[C[C[C[C[C[C[C[C[C[C[C[C[C[C@github.com/<your account or organization>/<repo>.git[K[A]0;pushvinder@TIGER02408: ~[01;32mpushvinder@TIGER02408[00m:[01;34m~[00m$ [C[C[C[C[C[C[C[C[C[C[C[C[C[C[C[C[C[C[C[C[C[C[C[C[C[C[C[C[C[C[C[C[C[C[C[C[C[C[C[C[C[C[C@github.com/<your account or organization>/<repo>.git [K[A[C[C[C[C[C[C[C[C[C[C[C[C[C[C[C[C[C[C[C[C[C[C[C[C[C[C[C[C[C[C[C[C[C[C[C[C[C[C[C[C[C[C[C[C[C[C[C[C[C[C[C[C[C[C[C[C[C[C[C[C[C[C[C[C[C[C[C[1P
[K[A[C[C[C[C[C[C[C[C[C[C[C[C[C[C[C[C[C[C[C[C[C[C[C[C[C[C[C[C[C[C[C[C[C[C[C[C[C[C[C[C[C[C[C[C[C[C[C[C[C[C[C[C[C[C[C[C[C[C[C[C[C[C[C[C[C[C[1P[1P[1P[1P[1P[1P[1P[1P[1P[1P[1P[1P[1P[1P[1P[1P[1P[1P[1P[1P[1P[1P[1P[7@ghp_5jq[6@7H3Tuv[10@NYTnJrZOrbU7tKP@github.com/<your account or organization>/<repo>.git[A]0;pushvinder@TIGER02408: ~[01;32mpushvinder@TIGER02408[00m:[01;34m~[00m$ [C[C[C[C[C[C[C[C[C[C[C[C[C[C[C[C[C[C[C[C[C[C[C[C[C[C[C[C[C[C[C[C[C[C[C[C[C[C[C[C[C[C[C[C[C[C5lwdUe1@github.com/<your account or organization>/<repo>.git[A]0;pushvinder@TIGER02408: ~[01;32mpushvinder@TIGER02408[00m:[01;34m~[00m$ [C[C[C[C[C[C[C[C[C[C[C[C[C[C[C[C[C[C[C[C[C[C[C[C[C[C[C[C[C[C[C[C[C[C[C[C[C[C[C[C[C[C[C[C[C[C[C[C[C[C[C[C[C5HWeY@github.com/<your account or organization>/<repo>.git[A]0;pushvinder@TIGER02408: ~[01;32mpushvinder@TIGER02408[00m:[01;34m~[00m$ [C[C[C[C[C[C[C[C[C[C[C[C[C[C[C[C[C[C[C[C[C[C[C[C[C[C[C[C[C[C[C[C[C[C[C[C[C[C[C[C[C[C[C[C[C[C[C[C[C[C[C[C[C[C[C[C[C[C[C[C[C[C[C[C[C[C[C[C[C[C[C[C[C[C[C[C[C[C[C[C[C[C[C[C[C[C[C[C[C[C[C[C[C[C
[C[C[C[C[C[C[C[C[C[C[C[C[C[C[C[C[K[K[K[K[K[K[K[K[K[K[K[K[K[K[K[K[A[C[C[C[C[C[C[C[C[C[C[C[C[C[C[C[C[C[C[C[C[C[C[C[C[C[C[C[C[C[C[C[C[C[C[C[C[C[C[C[C[C[C[C[C[C[C[C[C[C[C[C[C[C[C[C[C[C[C[C[C[C[C[C[C[C[C[C[C[C[C[C[C[C[C[C[C[C[C[C[C[C[C[C[C[C[C[C[C[C[C[C[C[C[C[C[C[C[C[C[C[C[C[C[C[C[C[C[C[C[C[C[C[C[C[C[C[C[C[C[K
[K[A[C[C[C[C[C[C[C[C[C[C[C[C[C[C[C[C[C[C[C[C[C[C[C[C[C[C[C[C[C[C[C[C[C[C[C[C[C[C[C[C[C[C[C[C[C[C[C[C[C[C[C[C[C[C[C[C[C[C[C[C[C[C[C[C[C[C[C[C[C[C[C[C[C[C[C[C[C[C[C[C[C[C[C[C[C[C[C[C[C[C[C[C[C[C[C[C[C[C[C[C[C[C[C[C[C[C[C[C[C[C[C[C[C[C[C[C[C[C[C[K[K[K[K[K[K[K[K[K[K[K[K[K[K[K[K[K[K[K[K[K[K[K[K[K[K[K[K[K[K[K[K[K[K[Khttps://github.com/pushvinder-16/TAMLE.git[A[C[C[C[C[C[C[C[C[C[C[C[C[C[C[C[C[C[C[C[C[C[C[C[C[C[C[C[C[C[C[C[C[C[C[C[C[C[C[C[C[C[C[C[C[C[C[C[C[C[C[C[C[C[C[C[C[C[C[C[C[C[C[C[C[C[C[C[C[C[C[C[C[C[C[C[C[C[C[C[C[C[C[C[C[C[C[C[C[C[C[C[C[C[C[C[C[C[C[C[C[C[C[C[C[C[C[C[C[C[C[C[C[C[C[C[C[C[C[Cgithub.com/pushvinder-16/TAMLE[1P.git[A]0;pushvinder@TIGER02408: ~[01;32mpushvinder@TIGER02408[00m:[01;34m~[00m$ [C[C[C[C[C[C[C[C[C[C[C[C[C[C[C[C[C[C[C[C[C[C[C[C[C[C[C[C[C[C[C[C[C[C[C[C[C[C[C[C[C[C[C[C[C[C[C[C[C[C[C[C[C[C[C[C[C[C[C[C[C[C[C[C[C[Cgithub.com/pushvinder-16/TAMLE.[1Pgit[A]0;pushvinder@TIGER02408: ~[01;32mpushvinder@TIGER02408[00m:[01;34m~[00m$ [C[C[C[C[C[C[C[C[C[C[C[C[C[C[C[C[C[C[C[C[C[C[C[C[C[C[C[C[C[C[C[C[C[C[C[C[C[C[C[C[C[C[C[C[C[C[C[C[C[C[C[C[C[C[C[C[C[C[C[C[C[C[C[C[Cgithub.com/pushvinder-16/TAMLE.g[1Pit[A]0;pushvinder@TIGER02408: ~[01;32mpushvinder@TIGER02408[00m:[01;34m~[00m$ [C[C[C[C[C[C[C[C[C[C[C[C[C[C[C[C[C[C[C[C[C[C[C[C[C[C[C[C[C[C[C[C[C[C[C[C[C[C[C[C[C[C[C[C[C[C[C[C[C[C[C[C[C[C[C[C[C[C[C[C[C[C[C[Cgithub.com/pushvinder-16/TAMLE.gi[1Pt[A]0;pushvinder@TIGER02408: ~[01;32mpushvinder@TIGER02408[00m:[01;34m~[00m$ [C[C[C[C[C[C[C[C[C[C[C[C[C[C[C[C[C[C[C[C[C[C[C[C[C[C[C[C[C[C[C[C[C[C[C[C[C[C[C[C[C[C[C[C[C[C[C[C[C[C[C[C[C[C[C[C[C[C[C[C[C[C[Cgithub.com/pushvinder-16/TAMLE.git[K[A]0;pushvinder@TIGER02408: ~[01;32mpushvinder@TIGER02408[00m:[01;34m~[00m$ [C[C[C[C[C[C[C[C[C[C[C[C[C[C[C[C[C[C[C[C[C[C[C[C[C[C[C[C[C[C[C[C[C[C[C[C[C[C[C[C[C[C[C[C[C[C[C[C[C[C[C[C[C[C[C[C[C[C[C[C[C[Cgithub.com/pushvinder-16/TAMLE.git [K[A[C[C[C[C[C[C[C[C[C[C[C[C[C[C[C[C[C[C[C[C[C[C[C[C[C[C[C[C[C[C[C[C[C[C[C[C[C[C[C[C[C[C[C[C[C[C[C[C[C[C[C[C[C[C[C[C[C[C[C[C[C[C[C[C[C[C[C[C[C[C[C[C[C[C[C[C[C[C[C[C[C[C[C[C[C[C[1Pgithub.com/pushvinder-16/TAMLE.git
[K[A[C[C[C[C[C[C[C[C[C[C[C[C[C[C[C[C[C[C[C[C[C[C[C[C[C[C[C[C[C[C[C[C[C[C[C[C[C[C[C[C[C[C[C[C[C[C[C[C[C[C[C[C[C[C[C[C[C[C[C[C[C[C[C[C[C[C[C[C[C[C[C[C[C[C[C[C[C[C[C[C[C[C[C[C[C[1Pgithub.com/pushvinder-16/TAMLE.git
[?2004lCloning into 'TAMLE'...
remote: Enumerating objects: 3, done.[K
remote: Counting objects:  33% (1/3)[Kremote: Counting objects:  66% (2/3)[Kremote: Counting objects: 100% (3/3)[Kremote: Counting objects: 100% (3/3), done.[K
remote: Total 3 (delta 0), reused 0 (delta 0), pack-reused 0[K
Receiving objects:  33% (1/3)Receiving objects:  66% (2/3)Receiving objects: 100% (3/3)Receiving objects: 100% (3/3), done.
[?2004h]0;pushvinder@TIGER02408: ~[01;32mpushvinder@TIGER02408[00m:[01;34m~[00m$ ls
[?2004l[0m[01;34mTAMLE[0m  [01;34mTigerNLP[0m  my_GIT_session  my_unix_session
[?2004h]0;pushvinder@TIGER02408: ~[01;32mpushvinder@TIGER02408[00m:[01;34m~[00m$ cd TAMLE
[?2004l[?2004h]0;pushvinder@TIGER02408: ~/TAMLE[01;32mpushvinder@TIGER02408[00m:[01;34m~/TAMLE[00m$ git sa[Ktatus
[?2004lOn branch main
Your branch is up to date with 'origin/main'.

nothing to commit, working tree clean
[?2004h]0;pushvinder@TIGER02408: ~/TAMLE[01;32mpushvinder@TIGER02408[00m:[01;34m~/TAMLE[00m$ clear
[?2004l[H[2J[3J[?2004h]0;pushvinder@TIGER02408: ~/TAMLE[01;32mpushvinder@TIGER02408[00m:[01;34m~/TAMLE[00m$ ls
[?2004ltest
[?2004h]0;pushvinder@TIGER02408: ~/TAMLE[01;32mpushvinder@TIGER02408[00m:[01;34m~/TAMLE[00m$ git init
[?2004lReinitialized existing Git repository in /home/pushvinder/TAMLE/.git/
[?2004h]0;pushvinder@TIGER02408: ~/TAMLE[01;32mpushvinder@TIGER02408[00m:[01;34m~/TAMLE[00m$ ls
[?2004ltest
[?2004h]0;pushvinder@TIGER02408: ~/TAMLE[01;32mpushvinder@TIGER02408[00m:[01;34m~/TAMLE[00m$ git status
[?2004lOn branch main
Your branch is up to date with 'origin/main'.

nothing to commit, working tree clean
[?2004h]0;pushvinder@TIGER02408: ~/TAMLE[01;32mpushvinder@TIGER02408[00m:[01;34m~/TAMLE[00m$ cd ..
[?2004l[?2004h]0;pushvinder@TIGER02408: ~[01;32mpushvinder@TIGER02408[00m:[01;34m~[00m$ echo Ta[KAMLE/[K > README
[?2004l[?2004h]0;pushvinder@TIGER02408: ~[01;32mpushvinder@TIGER02408[00m:[01;34m~[00m$ git status
[?2004lfatal: not a git repository (or any of the parent directories): .git
[?2004h]0;pushvinder@TIGER02408: ~[01;32mpushvinder@TIGER02408[00m:[01;34m~[00m$ cd TAMLE/
[?2004l[?2004h]0;pushvinder@TIGER02408: ~/TAMLE[01;32mpushvinder@TIGER02408[00m:[01;34m~/TAMLE[00m$ git status
[?2004lOn branch main
Your branch is up to date with 'origin/main'.

nothing to commit, working tree clean
[?2004h]0;pushvinder@TIGER02408: ~/TAMLE[01;32mpushvinder@TIGER02408[00m:[01;34m~/TAMLE[00m$ echo[K[K[K[Kgit status[1Pcd TAMLE/git statusecho TAMLE > README
[?2004l[?2004h]0;pushvinder@TIGER02408: ~/TAMLE[01;32mpushvinder@TIGER02408[00m:[01;34m~/TAMLE[00m$ echo TAMLE > README[9Pgit status
[?2004lOn branch main
Your branch is up to date with 'origin/main'.

Untracked files:
  (use "git add <file>..." to include in what will be committed)
	[31mREADME[m

nothing added to commit but untracked files present (use "git add" to track)
[?2004h]0;pushvinder@TIGER02408: ~/TAMLE[01;32mpushvinder@TIGER02408[00m:[01;34m~/TAMLE[00m$ ls
[?2004lREADME  test
[?2004h]0;pushvinder@TIGER02408: ~/TAMLE[01;32mpushvinder@TIGER02408[00m:[01;34m~/TAMLE[00m$ git add README 
[?2004l[?2004h]0;pushvinder@TIGER02408: ~/TAMLE[01;32mpushvinder@TIGER02408[00m:[01;34m~/TAMLE[00m$ gt[Kit staus
[?2004lgit: 'staus' is not a git command. See 'git --help'.

The most similar command is
	status
[?2004h]0;pushvinder@TIGER02408: ~/TAMLE[01;32mpushvinder@TIGER02408[00m:[01;34m~/TAMLE[00m$ git status
[?2004lOn branch main
Your branch is up to date with 'origin/main'.

Changes to be committed:
  (use "git restore --staged <file>..." to unstage)
	[32mnew file:   README[m

[?2004h]0;pushvinder@TIGER02408: ~/TAMLE[01;32mpushvinder@TIGER02408[00m:[01;34m~/TAMLE[00m$ git add CONTRIBUTING.md
[?2004lfatal: pathspec 'CONTRIBUTING.md' did not match any files
[?2004h]0;pushvinder@TIGER02408: ~/TAMLE[01;32mpushvinder@TIGER02408[00m:[01;34m~/TAMLE[00m$ git add CONTRIBUTING.mdstatus[K[1Pusadd README ls[Kgit statusecho TAMLE > README[K[K[K[K[K[KCONTRIBUTING.md
[?2004l[?2004h]0;pushvinder@TIGER02408: ~/TAMLE[01;32mpushvinder@TIGER02408[00m:[01;34m~/TAMLE[00m$ echo TAMLE > CONTRIBUTING.md[5Pgit add[C[C[C[C[C[C[C[C[C[C[C[C[C[C[C[C
[?2004l[?2004h]0;pushvinder@TIGER02408: ~/TAMLE[01;32mpushvinder@TIGER02408[00m:[01;34m~/TAMLE[00m$ git staa[Ktus
[?2004lOn branch main
Your branch is up to date with 'origin/main'.

Changes to be committed:
  (use "git restore --staged <file>..." to unstage)
	[32mnew file:   CONTRIBUTING.md[m
	[32mnew file:   README[m

[?2004h]0;pushvinder@TIGER02408: ~/TAMLE[01;32mpushvinder@TIGER02408[00m:[01;34m~/TAMLE[00m$ git statusadd CONTRIBUTING.md
[?2004l[?2004h]0;pushvinder@TIGER02408: ~/TAMLE[01;32mpushvinder@TIGER02408[00m:[01;34m~/TAMLE[00m$ git add CONTRIBUTING.mdstatus[K
[?2004lOn branch main
Your branch is up to date with 'origin/main'.

Changes to be committed:
  (use "git restore --staged <file>..." to unstage)
	[32mnew file:   CONTRIBUTING.md[m
	[32mnew file:   README[m

[?2004h]0;pushvinder@TIGER02408: ~/TAMLE[01;32mpushvinder@TIGER02408[00m:[01;34m~/TAMLE[00m$ vim CONTRIBUTING.md 
[?2004l[?1049h[22;0;0t[>4;2m[?1h=[?2004h[?1004h[1;30r[?12h[?12l[22;2t[22;1t[27m[23m[29m[m[H[2J[?25l[30;1H"CONTRIBUTING.md" 1L, 6B[2;1H▽[6n[2;1H  [3;1HPzz\[0%m[6n[3;1H           [1;1H[>c]10;?]11;?[1;1HTAMLE
[94m~                                                                                                                       [3;1H~                                                                                                                       [4;1H~                                                                                                                       [5;1H~                                                                                                                       [6;1H~                                                                                                                       [7;1H~                                                                                                                       [8;1H~                                                                                                                       [9;1H~                                                                                                                       [10;1H~                                                                                                                       [11;1H~                                                                                                                       [12;1H~                                                                                                                       [13;1H~                                                                                                                       [14;1H~                                                                                                                       [15;1H~                                                                                                                       [16;1H~                                                                                                                       [17;1H~                                                                                                                       [18;1H~                                                                                                                       [19;1H~                                                                                                                       [20;1H~                                                                                                                       [21;1H~                                                                                                                       [22;1H~                                                                                                                       [23;1H~                                                                                                                       [24;1H~                                                                                                                       [25;1H~                                                                                                                       [26;1H~                                                                                                                       [27;1H~                                                                                                                       [28;1H~                                                                                                                       [29;1H~                                                                                                                       [m[30;103H1,1[11CAll[1;1H[?25h[?25l[30;93H^[[1;1H[30;95H[[1;1H[30;96H>[1;1H[30;97H0[1;1H[30;98H;[1;1H[30;99H1[1;1H[30;100H0[1;1H[30;101H;[1;1H[30;93H         [1;1H[?12$p[?25h[?25l[30;93Hq[1;1H[?25h[?25l[30;94H^M[1;1H[30;93H   [1;1H[?25h[?25l[30;93H^Q[1;1H[30;93H1x1[1;1H[30;1H[1m-- VISUAL BLOCK --[m[30;19H[K[30;93H1x1[1;1H[30;103H1,1[11CAll[1;1H[?25h[?25l[30;93H^M [1;1H[30;93H1x1[1;1H[?25h[?25l[30;93H^Q [1;1H[30;93H  [1;1H[30;1H[K[30;103H1,1[11CAll[1;1H[?25h[?25l[30;93H^Q[1;1H[30;93H1x1[1;1H[30;1H[1m-- VISUAL BLOCK --[m[30;93H[K[30;93H1x1[1;1H[30;103H1,1[11CAll[1;1H[?25h[?25l[30;93H^Q [1;1H[30;93H  [1;1H[30;1H[K[30;103H1,1[11CAll[1;1H[?25h[?25l[30;93H^Q[1;1H[30;93H1x1[1;1H[30;1H[1m-- VISUAL BLOCK --[m[30;93H[K[30;93H1x1[1;1H[30;103H1,1[11CAll[1;1H[?25h[?25l[30;93H^M [1;1H[30;93H1x1[1;1H[?25h[?25l[30;93H^Q [1;1H[30;93H  [1;1H[30;1H[K[30;103H1,1[11CAll[1;1H[?25h[?25l[30;93H^@[1;1H[30;93H  [1;1H[?25h[?25l[30;93H^X[1;1H[30;93H  [1;1H[?25h[?25l[30;93H^M[1;1H[30;93H  [1;1H[?25h[?25l[30;1HType  :qa  and press <Enter> to exit Vim[30;103H[K[30;103H1,1[11CAll[1;1H[?25h[?25l[30;93H^M[1;1H[30;93H  [1;1H[?25h[?25l[30;93H:[1;1H[30;1H[K[30;1H:[?25hqa[?25l[?2004l[>4;m[23;2t[23;1t[30;1H[K[30;1H[?1004l[?2004l[?1l>[?25h[>4;m[?1049l[23;0;0t[?2004h]0;pushvinder@TIGER02408: ~/TAMLE[01;32mpushvinder@TIGER02408[00m:[01;34m~/TAMLE[00m$ git stats[Kus
[?2004lOn branch main
Your branch is up to date with 'origin/main'.

Changes to be committed:
  (use "git restore --staged <file>..." to unstage)
	[32mnew file:   CONTRIBUTING.md[m
	[32mnew file:   README[m

[?2004h]0;pushvinder@TIGER02408: ~/TAMLE[01;32mpushvinder@TIGER02408[00m:[01;34m~/TAMLE[00m$ git statusvim CONTRIBUTING.md [10Pgit statusadd CONTRIBUTING.md
[?2004l[?2004h]0;pushvinder@TIGER02408: ~/TAMLE[01;32mpushvinder@TIGER02408[00m:[01;34m~/TAMLE[00m$ git add CONTRIBUTING.mdstatus[Kvim CONTRIBUTING.md [10Pgit status
[?2004lOn branch main
Your branch is up to date with 'origin/main'.

Changes to be committed:
  (use "git restore --staged <file>..." to unstage)
	[32mnew file:   CONTRIBUTING.md[m
	[32mnew file:   README[m

[?2004h]0;pushvinder@TIGER02408: ~/TAMLE[01;32mpushvinder@TIGER02408[00m:[01;34m~/TAMLE[00m$ clear
[?2004l[H[2J[3J[?2004h]0;pushvinder@TIGER02408: ~/TAMLE[01;32mpushvinder@TIGER02408[00m:[01;34m~/TAMLE[00m$ git statis[K[Kus -s
[?2004l[32mA[m  CONTRIBUTING.md
[32mA[m  README
[?2004h]0;pushvinder@TIGER02408: ~/TAMLE[01;32mpushvinder@TIGER02408[00m:[01;34m~/TAMLE[00m$ git add CN[KONTRIBUTING.md 
[?2004l[?2004h]0;pushvinder@TIGER02408: ~/TAMLE[01;32mpushvinder@TIGER02408[00m:[01;34m~/TAMLE[00m$ git status
[?2004lOn branch main
Your branch is up to date with 'origin/main'.

Changes to be committed:
  (use "git restore --staged <file>..." to unstage)
	[32mnew file:   CONTRIBUTING.md[m
	[32mnew file:   README[m

[?2004h]0;pushvinder@TIGER02408: ~/TAMLE[01;32mpushvinder@TIGER02408[00m:[01;34m~/TAMLE[00m$ cat g[K.git/[Kignore
[?2004lcat: .gitignore: No such file or directory
[?2004h]0;pushvinder@TIGER02408: ~/TAMLE[01;32mpushvinder@TIGER02408[00m:[01;34m~/TAMLE[00m$ git fi[K[Kdiff
[?2004l[?1h=[K[?1l>[?2004h]0;pushvinder@TIGER02408: ~/TAMLE[01;32mpushvinder@TIGER02408[00m:[01;34m~/TAMLE[00m$ git diff -- staged
[?2004l[?1h=[K[?1l>[?2004h]0;pushvinder@TIGER02408: ~/TAMLE[01;32mpushvinder@TIGER02408[00m:[01;34m~/TAMLE[00m$ git status
[?2004lOn branch main
Your branch is up to date with 'origin/main'.

Changes to be committed:
  (use "git restore --staged <file>..." to unstage)
	[32mnew file:   CONTRIBUTING.md[m
	[32mnew file:   README[m

[?2004h]0;pushvinder@TIGER02408: ~/TAMLE[01;32mpushvinder@TIGER02408[00m:[01;34m~/TAMLE[00m$ git add CONTRIBUTING.md
[?2004l[?2004h]0;pushvinder@TIGER02408: ~/TAMLE[01;32mpushvinder@TIGER02408[00m:[01;34m~/TAMLE[00m$ echo '# test line' >> CONTRIBUTING.md
[?2004l[?2004h]0;pushvinder@TIGER02408: ~/TAMLE[01;32mpushvinder@TIGER02408[00m:[01;34m~/TAMLE[00m$ git status
[?2004lOn branch main
Your branch is up to date with 'origin/main'.

Changes to be committed:
  (use "git restore --staged <file>..." to unstage)
	[32mnew file:   CONTRIBUTING.md[m
	[32mnew file:   README[m

Changes not staged for commit:
  (use "git add <file>..." to update what will be committed)
  (use "git restore <file>..." to discard changes in working directory)
	[31mmodified:   CONTRIBUTING.md[m

[?2004h]0;pushvinder@TIGER02408: ~/TAMLE[01;32mpushvinder@TIGER02408[00m:[01;34m~/TAMLE[00m$ git statusecho '# test line' >> CONTRIBUTING.md[C[C[C[C[C[C[C[C[C[C[C[C[C[C[C[C[C[C[C[C[C[C[C[C[C[C[C[C[C[C[C[14Pgit add[C[C[C[C[C[C[C[C[C[C[C[C[C[C[C[C
[?2004l[?2004h]0;pushvinder@TIGER02408: ~/TAMLE[01;32mpushvinder@TIGER02408[00m:[01;34m~/TAMLE[00m$ git add CONTRIBUTING.md[Kgit add CONTRIBUTING.mdstatus[K
[?2004lOn branch main
Your branch is up to date with 'origin/main'.

Changes to be committed:
  (use "git restore --staged <file>..." to unstage)
	[32mnew file:   CONTRIBUTING.md[m
	[32mnew file:   README[m

[?2004h]0;pushvinder@TIGER02408: ~/TAMLE[01;32mpushvinder@TIGER02408[00m:[01;34m~/TAMLE[00m$ got [K[K[Kit comit[K[Kmit -m "y[Ktest commit done by pushvinder"
[?2004l[main 7e70351] test commit done by pushvinder
 2 files changed, 3 insertions(+)
 create mode 100644 CONTRIBUTING.md
 create mode 100644 README
[?2004h]0;pushvinder@TIGER02408: ~/TAMLE[01;32mpushvinder@TIGER02408[00m:[01;34m~/TAMLE[00m$ git commit -a -m 'Add new benchmarks'
[?2004lOn branch main
Your branch is ahead of 'origin/main' by 1 commit.
  (use "git push" to publish your local commits)

nothing to commit, working tree clean
[?2004h]0;pushvinder@TIGER02408: ~/TAMLE[01;32mpushvinder@TIGER02408[00m:[01;34m~/TAMLE[00m$ clear
[?2004l[H[2J[3J[?2004h]0;pushvinder@TIGER02408: ~/TAMLE[01;32mpushvinder@TIGER02408[00m:[01;34m~/TAMLE[00m$ cd ..
[?2004l[?2004h]0;pushvinder@TIGER02408: ~[01;32mpushvinder@TIGER02408[00m:[01;34m~[00m$ git clone https://github.com/schacon/simplegit-progit
[?2004lCloning into 'simplegit-progit'...
remote: Enumerating objects: 13, done.[K
remote: Total 13 (delta 0), reused 0 (delta 0), pack-reused 13[K
Receiving objects:   7% (1/13)Receiving objects:  15% (2/13)Receiving objects:  23% (3/13)Receiving objects:  30% (4/13)Receiving objects:  38% (5/13)Receiving objects:  46% (6/13)Receiving objects:  53% (7/13)Receiving objects:  61% (8/13)Receiving objects:  69% (9/13)Receiving objects:  76% (10/13)Receiving objects:  84% (11/13)Receiving objects:  92% (12/13)Receiving objects: 100% (13/13)Receiving objects: 100% (13/13), done.
Resolving deltas:   0% (0/3)Resolving deltas:  33% (1/3)Resolving deltas:  66% (2/3)Resolving deltas: 100% (3/3)Resolving deltas: 100% (3/3), done.
[?2004h]0;pushvinder@TIGER02408: ~[01;32mpushvinder@TIGER02408[00m:[01;34m~[00m$ ls
[?2004lREADME  [0m[01;34mTAMLE[0m  [01;34mTigerNLP[0m  my_GIT_session  my_unix_session  [01;34msimplegit-progit[0m
[?2004h]0;pushvinder@TIGER02408: ~[01;32mpushvinder@TIGER02408[00m:[01;34m~[00m$ git log
[?2004lfatal: not a git repository (or any of the parent directories): .git
[?2004h]0;pushvinder@TIGER02408: ~[01;32mpushvinder@TIGER02408[00m:[01;34m~[00m$ cd simplegit-progit/
[?2004l[?2004h]0;pushvinder@TIGER02408: ~/simplegit-progit[01;32mpushvinder@TIGER02408[00m:[01;34m~/simplegit-progit[00m$ git log
[?2004l[?1h=[33mcommit ca82a6dff817ec66f44342007202690a93763949[m[33m ([m[1;36mHEAD -> [m[1;32mmaster[m[33m, [m[1;31morigin/master[m[33m, [m[1;31morigin/HEAD[m[33m)[m[m
Author: Scott Chacon <schacon@gmail.com>[m
Date:   Mon Mar 17 21:52:11 2008 -0700[m
[m
    changed the verison number[m
[m
[33mcommit 085bb3bcb608e1e8451d4b2432f8ecbe6306e7e7[m[m
Author: Scott Chacon <schacon@gmail.com>[m
Date:   Sat Mar 15 16:40:33 2008 -0700[m
[m
    removed unnecessary test code[m
[m
[33mcommit a11bef06a3f659402fe7563abf99ad00de2209e6[m[m
Author: Scott Chacon <schacon@gmail.com>[m
Date:   Sat Mar 15 10:31:28 2008 -0700[m
[m
    first commit[m
[K[?1l>[?2004h]0;pushvinder@TIGER02408: ~/simplegit-progit[01;32mpushvinder@TIGER02408[00m:[01;34m~/simplegit-progit[00m$ git log --stat
[?2004l[?1h=[33mcommit ca82a6dff817ec66f44342007202690a93763949[m[33m ([m[1;36mHEAD -> [m[1;32mmaster[m[33m, [m[1;31morigin/master[m[33m, [m[1;31morigin/HEAD[m[33m)[m[m
Author: Scott Chacon <schacon@gmail.com>[m
Date:   Mon Mar 17 21:52:11 2008 -0700[m
[m
    changed the verison number[m
[m
 Rakefile | 2 [32m+[m[31m-[m[m
 1 file changed, 1 insertion(+), 1 deletion(-)[m
[m
[33mcommit 085bb3bcb608e1e8451d4b2432f8ecbe6306e7e7[m[m
Author: Scott Chacon <schacon@gmail.com>[m
Date:   Sat Mar 15 16:40:33 2008 -0700[m
[m
    removed unnecessary test code[m
[m
 lib/simplegit.rb | 5 [31m-----[m[m
 1 file changed, 5 deletions(-)[m
[m
[33mcommit a11bef06a3f659402fe7563abf99ad00de2209e6[m[m
Author: Scott Chacon <schacon@gmail.com>[m
Date:   Sat Mar 15 10:31:28 2008 -0700[m
[m
    first commit[m
[m
 README           |  6 [32m++++++[m[m
 Rakefile         | 23 [32m+++++++++++++++++++++++[m[m
 lib/simplegit.rb | 25 [32m+++++++++++++++++++++++++[m[m
 3 files changed, 54 insertions(+)[m
[K[?1l>[?2004h]0;pushvinder@TIGER02408: ~/simplegit-progit[01;32mpushvinder@TIGER02408[00m:[01;34m~/simplegit-progit[00m$ git log --pretty=oneline
[?2004l[?1h=[33mca82a6dff817ec66f44342007202690a93763949[m[33m ([m[1;36mHEAD -> [m[1;32mmaster[m[33m, [m[1;31morigin/master[m[33m, [m[1;31morigin/HEAD[m[33m)[m changed the verison number[m
[33m085bb3bcb608e1e8451d4b2432f8ecbe6306e7e7[m removed unnecessary test code[m
[33ma11bef06a3f659402fe7563abf99ad00de2209e6[m first commit[m
[K[?1l>[?2004h]0;pushvinder@TIGER02408: ~/simplegit-progit[01;32mpushvinder@TIGER02408[00m:[01;34m~/simplegit-progit[00m$ git checkout -- CONTRIBUTING.md
[?2004lerror: pathspec 'CONTRIBUTING.md' did not match any file(s) known to git
[?2004h]0;pushvinder@TIGER02408: ~/simplegit-progit[01;32mpushvinder@TIGER02408[00m:[01;34m~/simplegit-progit[00m$ cd ..
[?2004l[?2004h]0;pushvinder@TIGER02408: ~[01;32mpushvinder@TIGER02408[00m:[01;34m~[00m$ ls
[?2004lREADME  [0m[01;34mTAMLE[0m  [01;34mTigerNLP[0m  my_GIT_session  my_unix_session  [01;34msimplegit-progit[0m
[?2004h]0;pushvinder@TIGER02408: ~[01;32mpushvinder@TIGER02408[00m:[01;34m~[00m$ cd TAMLE/
[?2004l[?2004h]0;pushvinder@TIGER02408: ~/TAMLE[01;32mpushvinder@TIGER02408[00m:[01;34m~/TAMLE[00m$ git checkout -- CONTRIBUTING.md
[?2004l[?2004h]0;pushvinder@TIGER02408: ~/TAMLE[01;32mpushvinder@TIGER02408[00m:[01;34m~/TAMLE[00m$ git status
[?2004lOn branch main
Your branch is ahead of 'origin/main' by 1 commit.
  (use "git push" to publish your local commits)

nothing to commit, working tree clean
[?2004h]0;pushvinder@TIGER02408: ~/TAMLE[01;32mpushvinder@TIGER02408[00m:[01;34m~/TAMLE[00m$ clear
[?2004l[H[2J[3J[?2004h]0;pushvinder@TIGER02408: ~/TAMLE[01;32mpushvinder@TIGER02408[00m:[01;34m~/TAMLE[00m$ git add *
[?2004l[?2004h]0;pushvinder@TIGER02408: ~/TAMLE[01;32mpushvinder@TIGER02408[00m:[01;34m~/TAMLE[00m$ git stat[Ktus
[?2004lOn branch main
Your branch is ahead of 'origin/main' by 1 commit.
  (use "git push" to publish your local commits)

nothing to commit, working tree clean
[?2004h]0;pushvinder@TIGER02408: ~/TAMLE[01;32mpushvinder@TIGER02408[00m:[01;34m~/TAMLE[00m$ git restore --staged CONTRIBUTING.md
[?2004l[?2004h]0;pushvinder@TIGER02408: ~/TAMLE[01;32mpushvinder@TIGER02408[00m:[01;34m~/TAMLE[00m$ git restore --staged CONTRIBUTING.mdstatus[K
[?2004lOn branch main
Your branch is ahead of 'origin/main' by 1 commit.
  (use "git push" to publish your local commits)

nothing to commit, working tree clean
[?2004h]0;pushvinder@TIGER02408: ~/TAMLE[01;32mpushvinder@TIGER02408[00m:[01;34m~/TAMLE[00m$ ls
[?2004lCONTRIBUTING.md  README  test
[?2004h]0;pushvinder@TIGER02408: ~/TAMLE[01;32mpushvinder@TIGER02408[00m:[01;34m~/TAMLE[00m$ git remote
[?2004lorigin
[?2004h]0;pushvinder@TIGER02408: ~/TAMLE[01;32mpushvinder@TIGER02408[00m:[01;34m~/TAMLE[00m$ git push origin master
[?2004lerror: src refspec master does not match any
[31merror: failed to push some refs to 'https://github.com/pushvinder-16/TAMLE.git'
[m[?2004h]0;pushvinder@TIGER02408: ~/TAMLE[01;32mpushvinder@TIGER02408[00m:[01;34m~/TAMLE[00m$ git push origin master[K[K[K[Kin
[?2004lEnumerating objects: 5, done.
Counting objects:  20% (1/5)Counting objects:  40% (2/5)Counting objects:  60% (3/5)Counting objects:  80% (4/5)Counting objects: 100% (5/5)Counting objects: 100% (5/5), done.
Delta compression using up to 8 threads
Compressing objects:  50% (1/2)Compressing objects: 100% (2/2)Compressing objects: 100% (2/2), done.
Writing objects:  25% (1/4)Writing objects:  50% (2/4)Writing objects:  75% (3/4)Writing objects: 100% (4/4)Writing objects: 100% (4/4), 355 bytes | 355.00 KiB/s, done.
Total 4 (delta 0), reused 0 (delta 0), pack-reused 0
To https://github.com/pushvinder-16/TAMLE.git
   d98e303..7e70351  main -> main
[?2004h]0;pushvinder@TIGER02408: ~/TAMLE[01;32mpushvinder@TIGER02408[00m:[01;34m~/TAMLE[00m$ git pull
[?2004lAlready up to date.
[?2004h]0;pushvinder@TIGER02408: ~/TAMLE[01;32mpushvinder@TIGER02408[00m:[01;34m~/TAMLE[00m$ git pull origin 
[?2004lAlready up to date.
[?2004h]0;pushvinder@TIGER02408: ~/TAMLE[01;32mpushvinder@TIGER02408[00m:[01;34m~/TAMLE[00m$ git pull origin  main
[?2004lFrom https://github.com/pushvinder-16/TAMLE
 * branch            main       -> FETCH_HEAD
Already up to date.
[?2004h]0;pushvinder@TIGER02408: ~/TAMLE[01;32mpushvinder@TIGER02408[00m:[01;34m~/TAMLE[00m$ git pull origin  main[K[Ksh origin mainster[12Premotepush origin master[2Pin
[?2004lEverything up-to-date
[?2004h]0;pushvinder@TIGER02408: ~/TAMLE[01;32mpushvinder@TIGER02408[00m:[01;34m~/TAMLE[00m$ git remote show origin
[?2004l* remote origin
  Fetch URL: https://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@github.com/pushvinder-16/TAMLE.git
  Push  URL: https://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@github.com/pushvinder-16/TAMLE.git
  HEAD branch: main
  Remote branch:
    main tracked
  Local branch configured for 'git pull':
    main merges with remote main
  Local ref configured for 'git push':
    main pushes to main (up to date)
[?2004h]0;pushvinder@TIGER02408: ~/TAMLE[01;32mpushvinder@TIGER02408[00m:[01;34m~/TAMLE[00m$ git remote
[?2004lorigin
[?2004h]0;pushvinder@TIGER02408: ~/TAMLE[01;32mpushvinder@TIGER02408[00m:[01;34m~/TAMLE[00m$ clear 
[?2004l[H[2J[3J[?2004h]0;pushvinder@TIGER02408: ~/TAMLE[01;32mpushvinder@TIGER02408[00m:[01;34m~/TAMLE[00m$ git tag
[?2004l[?1h=[K[?1l>[?2004h]0;pushvinder@TIGER02408: ~/TAMLE[01;32mpushvinder@TIGER02408[00m:[01;34m~/TAMLE[00m$ git tag -a v1.4 -m "my version 1.4"
[?2004l[?2004h]0;pushvinder@TIGER02408: ~/TAMLE[01;32mpushvinder@TIGER02408[00m:[01;34m~/TAMLE[00m$ git tag -a v1.4 -m "my version 1.4"[K
[?2004l[?1h=v1.4[m
[K[?1l>[?2004h]0;pushvinder@TIGER02408: ~/TAMLE[01;32mpushvinder@TIGER02408[00m:[01;34m~/TAMLE[00m$ git show v1.4
[?2004l[?1h=[33mtag v1.4[m[m
Tagger: pushvinder <pushvinder.rohta@tigeranalytics.com>[m
Date:   Fri Dec 30 20:00:07 2022 +0530[m
[m
my version 1.4[m
[m
[33mcommit 7e70351a81557a560499bd9db0cc0ba0a2c39464[m[33m ([m[1;36mHEAD -> [m[1;32mmain[m[33m, [m[1;33mtag: v1.4[m[33m, [m[1;31morigin/main[m[33m, [m[1;31morigin/HEAD[m[33m)[m[m
Author: pushvinder <pushvinder.rohta@tigeranalytics.com>[m
Date:   Fri Dec 30 17:08:37 2022 +0530[m
[m
    test commit done by pushvinder[m
[m
[1mdiff --git a/CONTRIBUTING.md b/CONTRIBUTING.md[m[m
[1mnew file mode 100644[m[m
[1mindex 0000000..67ca7e6[m[m
[1m--- /dev/null[m[m
[1m+++ b/CONTRIBUTING.md[m[m
[36m@@ -0,0 +1,2 @@[m[m
[32m+[m[32mTAMLE[m[m
[32m+[m[32m# test line[m[m
[1mdiff --git a/README b/README[m[m
[1mnew file mode 100644[m[m
[1mindex 0000000..f4c82d5[m[m
[1m--- /dev/null[m[m
[1m+++ b/README[m[m
[36m@@ -0,0 +1 @@[m[m
[32m+[m[32mTAMLE[m[m
[K[?1l>[?2004h]0;pushvinder@TIGER02408: ~/TAMLE[01;32mpushvinder@TIGER02408[00m:[01;34m~/TAMLE[00m$ git log --pretty=oneline
[?2004l[?1h=[33m7e70351a81557a560499bd9db0cc0ba0a2c39464[m[33m ([m[1;36mHEAD -> [m[1;32mmain[m[33m, [m[1;33mtag: v1.4[m[33m, [m[1;31morigin/main[m[33m, [m[1;31morigin/HEAD[m[33m)[m test commit done by pushvin[m [33m[m[33m[m[1;36m[m[1;32m[m[33m[m[1;33m[m[33m[m[1;31m[m[33m[m[1;31m[m[33m[mder[m
[33md98e30363be967e72a00ea0bd14b855abb203856[m Create test[m
[K[?1l>[?2004h]0;pushvinder@TIGER02408: ~/TAMLE[01;32mpushvinder@TIGER02408[00m:[01;34m~/TAMLE[00m$ git tag -a v1.2d98e30 d98e30
[?2004lhint: Waiting for your editor to close the file... [?2004h[?1049h[22;0;0t[1;30r(B[m[4l[?7h[39;49m[?1h=[?1h=[?25l[39;49m(B[m[H[2J[28;54H(B[0;7m[ Reading... ](B[m[28;53H(B[0;7m[ Read 5 lines ](B[m[H(B[0;7m  GNU nano 6.2                             /home/pushvinder/TAMLE/.git/TAG_EDITMSG                                      [1;119H(B[m[29d(B[0;7m^G(B[m Help[29;16H(B[0;7m^O(B[m Write Out   (B[0;7m^W(B[m Where Is    (B[0;7m^K(B[m Cut[29;61H(B[0;7m^T(B[m Execute     (B[0;7m^C(B[m Location    (B[0;7mM-U(B[m Undo[106G(B[0;7mM-A(B[m Set Mark[30d(B[0;7m^X(B[m Exit[30;16H(B[0;7m^R(B[m Read File   (B[0;7m^\(B[m Replace     (B[0;7m^U(B[m Paste[61G(B[0;7m^J(B[m Justify     (B[0;7m^/(B[m Go To Line  (B[0;7mM-E(B[m Redo[106G(B[0;7mM-6(B[m Copy[3d[36m#[4d# Write a message for tag:[5d#   v1.2[6d# Lines starting with '#' will be ignored.[2d[39m(B[m[?12l[?25h[?25l[29;16H[15X[29;31H(B[0;7mM-D(B[m DOS Format       [29;61H(B[0;7mM-A(B[m Append[16X[29;93H(B[0;7mB(B[m Backup File[K[30;2H(B[0;7mC(B[m Cancel[16G[15X[30;31H(B[0;7mM-M(B[m Mac Format         [61G(B[0;7mM-P(B[m Prepend[19X[30;91H(B[0;7m^T(B[m Browse[K[28d(B[0;7mFile Name to Write: /home/pushvinder/TAMLE/.git/TAG_EDITMSG                                                             [28;60H(B[m[?12l[?25h[?25l[53G[1K (B[0;7m[ Writing... ](B[m[K[1;119H[28;52H(B[0;7m[ Wrote 5 lines ](B[m[29;16H(B[0;7m^O(B[m Write Out   (B[0;7m^W(B[m Where Is    (B[0;7m^K(B[m Cut[29;61H(B[0;7m^T(B[m Execute     (B[0;7m^C(B[m Location[93G(B[0;7mU(B[m Undo       (B[0;7mM-A(B[m Set Mark[30;2H(B[0;7mX(B[m Exit  [16G(B[0;7m^R(B[m Read File   (B[0;7m^\(B[m Replace     (B[0;7m^U(B[m Paste[61G(B[0;7m^J(B[m Justify     (B[0;7m^/(B[m Go To Line  (B[0;7mM-E(B[m Redo [106G(B[0;7mM-6(B[m Copy[?12l[?25h[2d[?25l[28d[J[30d[?12l[?25h[30;1H[?1049l[23;0;0t[?1l>[?2004l[Kfatal: no tag message?
[?2004h]0;pushvinder@TIGER02408: ~/TAMLE[01;32mpushvinder@TIGER02408[00m:[01;34m~/TAMLE[00m$ git tag -a v1.2 d98e30log --pretty=oneline[11Pshow v1.4[6Ptag
[?2004l[?1h=v1.4[m
[K[?1l>[?2004h]0;pushvinder@TIGER02408: ~/TAMLE[01;32mpushvinder@TIGER02408[00m:[01;34m~/TAMLE[00m$  git push origin v1.5[K4
[?2004lEnumerating objects: 1, done.
Counting objects: 100% (1/1)Counting objects: 100% (1/1), done.
Writing objects: 100% (1/1)Writing objects: 100% (1/1), 169 bytes | 169.00 KiB/s, done.
Total 1 (delta 0), reused 0 (delta 0), pack-reused 0
To https://github.com/pushvinder-16/TAMLE.git
 * [new tag]         v1.4 -> v1.4
[?2004h]0;pushvinder@TIGER02408: ~/TAMLE[01;32mpushvinder@TIGER02408[00m:[01;34m~/TAMLE[00m$ git checkout -b version2 v2.0.0
[?2004lfatal: 'v2.0.0' is not a commit and a branch 'version2' cannot be created from it
[?2004h]0;pushvinder@TIGER02408: ~/TAMLE[01;32mpushvinder@TIGER02408[00m:[01;34m~/TAMLE[00m$ git checkout -b version2 v2.0.0[K[K[K[K[K1.4
[?2004lSwitched to a new branch 'version2'
[?2004h]0;pushvinder@TIGER02408: ~/TAMLE[01;32mpushvinder@TIGER02408[00m:[01;34m~/TAMLE[00m$ git checkout -b version2 v1.42.0.0tag[K -a v1.2 d98e30log --pretty=oneline[11Pshow v1.4[6Ptag -a v1.4 -m "my version 1.4"[K[1Pclear git remote show origin[2Ppush origin main[1@ll origin [C[C[C[C[C[1Psh origin[C[C[C[C[C
[?2004lEverything up-to-date
[?2004h]0;pushvinder@TIGER02408: ~/TAMLE[01;32mpushvinder@TIGER02408[00m:[01;34m~/TAMLE[00m$ git push origin main[Kgit push origin maincheckout -b version2 v1.42.0.0tag[K -a v1.2 d98e30log --pretty=oneline[11Pshow v1.4[6Ptag -a v1.4 -m "my version 1.4"[K[1Pclear git remote show origin[2Ppush origin mainScript started on 2023-01-02 13:55:23+05:30 [TERM="xterm-256color" TTY="/dev/pts/0" COLUMNS="120" LINES="30"]
[?2004h]0;pushvinder@TIGER02408: ~[01;32mpushvinder@TIGER02408[00m:[01;34m~[00m$ cd TAMLE/
[?2004l[?2004h]0;pushvinder@TIGER02408: ~/TAMLE[01;32mpushvinder@TIGER02408[00m:[01;34m~/TAMLE[00m$ git status
[?2004lOn branch version2
Untracked files:
  (use "git add <file>..." to include in what will be committed)
	[31mTAMLE/[m

nothing added to commit but untracked files present (use "git add" to track)
[?2004h]0;pushvinder@TIGER02408: ~/TAMLE[01;32mpushvinder@TIGER02408[00m:[01;34m~/TAMLE[00m$ git add *
[?2004lwarning: adding embedded git repository: TAMLE
[33mhint: You've added another git repository inside your current repository.[m
[33mhint: Clones of the outer repository will not contain the contents of[m
[33mhint: the embedded repository and will not know how to obtain it.[m
[33mhint: If you meant to add a submodule, use:[m
[33mhint: [m
[33mhint: 	git submodule add <url> TAMLE[m
[33mhint: [m
[33mhint: If you added this path by mistake, you can remove it from the[m
[33mhint: index with:[m
[33mhint: [m
[33mhint: 	git rm --cached TAMLE[m
[33mhint: [m
[33mhint: See "git help submodule" for more information.[m
[?2004h]0;pushvinder@TIGER02408: ~/TAMLE[01;32mpushvinder@TIGER02408[00m:[01;34m~/TAMLE[00m$ ls
[?2004lCONTRIBUTING.md  README  [0m[01;34mTAMLE[0m  test
[?2004h]0;pushvinder@TIGER02408: ~/TAMLE[01;32mpushvinder@TIGER02408[00m:[01;34m~/TAMLE[00m$ git [K[K[K[Kgit add README test.rb LICENSE
[?2004lfatal: pathspec 'test.rb' did not match any files
[?2004h]0;pushvinder@TIGER02408: ~/TAMLE[01;32mpushvinder@TIGER02408[00m:[01;34m~/TAMLE[00m$  git branch testing
[?2004l[?2004h]0;pushvinder@TIGER02408: ~/TAMLE[01;32mpushvinder@TIGER02408[00m:[01;34m~/TAMLE[00m$ ls][K
[?2004lCONTRIBUTING.md  README  [0m[01;34mTAMLE[0m  test
[?2004h]0;pushvinder@TIGER02408: ~/TAMLE[01;32mpushvinder@TIGER02408[00m:[01;34m~/TAMLE[00m$ git log --oneline --decorate
[?2004l[?1h=[33m7e70351[m[33m ([m[1;36mHEAD -> [m[1;32mversion2[m[33m, [m[1;33mtag: v1.4[m[33m, [m[1;31morigin/main[m[33m, [m[1;31morigin/HEAD[m[33m, [m[1;32mtesting[m[33m, [m[1;32mmain[m[33m)[m test commit done by pushvinder[m
[33md98e303[m Create test[m
[K[?1l>[?2004h]0;pushvinder@TIGER02408: ~/TAMLE[01;32mpushvinder@TIGER02408[00m:[01;34m~/TAMLE[00m$ git checkout testing
[?2004lA	TAMLE
Switched to branch 'testing'
[?2004h]0;pushvinder@TIGER02408: ~/TAMLE[01;32mpushvinder@TIGER02408[00m:[01;34m~/TAMLE[00m$ vim test.rb
[?2004l[?1049h[22;0;0t[>4;2m[?1h=[?2004h[?1004h[1;30r[?12h[?12l[22;2t[22;1t[27m[23m[29m[m[H[2J[?25l[30;1H"test.rb" [New][2;1H▽[6n[2;1H  [3;1HPzz\[0%m[6n[3;1H           [1;1H[>c]10;?]11;?[2;1H[94m~                                                                                                                       [3;1H~                                                                                                                       [4;1H~                                                                                                                       [5;1H~                                                                                                                       [6;1H~                                                                                                                       [7;1H~                                                                                                                       [8;1H~                                                                                                                       [9;1H~                                                                                                                       [10;1H~                                                                                                                       [11;1H~                                                                                                                       [12;1H~                                                                                                                       [13;1H~                                                                                                                       [14;1H~                                                                                                                       [15;1H~                                                                                                                       [16;1H~                                                                                                                       [17;1H~                                                                                                                       [18;1H~                                                                                                                       [19;1H~                                                                                                                       [20;1H~                                                                                                                       [21;1H~                                                                                                                       [22;1H~                                                                                                                       [23;1H~                                                                                                                       [24;1H~                                                                                                                       [25;1H~                                                                                                                       [26;1H~                                                                                                                       [27;1H~                                                                                                                       [28;1H~                                                                                                                       [29;1H~                                                                                                                       [m[30;103H0,0-1[9CAll[1;1H[?25h[?25l[30;93H^[[1;1H[30;95H[[1;1H[30;96H>[1;1H[30;97H0[1;1H[30;98H;[1;1H[30;99H1[1;1H[30;100H0[1;1H[30;101H;[1;1H[30;93H         [1;1H[?12$p[?25h[?25l[30;93Hh[1;1H[30;93H [1;1H[?25h[?25l[30;93Hi[1;1H[30;93H [1;1H[30;1H[1m-- INSERT --[m[30;13H[K[30;103H0,1[11CAll[1;1H[?25h[?25l[30;103H1,2[1;2H[?25h[?25lh[30;105H3[1;3H[?25h[?25le[30;105H4[1;4H[?25h[?25ll[30;105H5[1;5H[?25h[?25ll[30;105H6[1;6H[?25h[?25lo[30;105H7[1;7H[?25h[?25l[30;105H8[1;8H[?25h[?25lh[30;105H9[1;9H[?25h[?25lo[30;105H10[1;10H[?25h[?25lw[30;106H1[1;11H[?25h[?25l[30;106H2[1;12H[?25h[?25la[30;106H3[1;13H[?25h[?25lr[30;106H4[1;14H[?25h[?25le[30;106H5[1;15H[?25h[?25l[30;106H6[1;16H[?25h[?25ly[30;106H7[1;17H[?25h[?25lo[30;106H8[1;18H[?25h[?25lu[30;106H9[1;19H[?25h[?25l
 [2;2H[K[30;103H2,2 [2;2H[?25h[?25lq[30;105H3[2;3H[?25h[?25l[2;2H[K[30;105H2[2;2H[?25h[?25l:[30;105H3[2;3H[?25h[?25l[31m:q[m[30;105H4[2;4H[?25h[?25l[31ma[m[30;105H5[2;5H[?25h[?25l
 [3;2H[K[30;103H3,2[3;2H[?25h[?25l[30;105H1[3;1H[?25h[?25l\[30;105H2[3;2H[?25h[?25l\[30;105H3[3;3H[?25h[?25l[3;2H[K[30;105H2[3;2H[?25h[?25l[3;1H[K[30;105H1[3;1H[?25h[?25l[94m~                                                                                                                       [m[30;103H2,5[2;5H[?25h[?25l[2;4H[K[30;105H4[2;4H[?25h[?25l:[2;3H[K[30;105H3[2;3H[?25h[?25l[2;2H[K[30;105H2[2;2H[?25h[30;1H[K[2;1H[?25l[30;93H^[[2;1H[30;93H  [2;2H[30;103H2,1[11CAll[2;1H[?25h[?25l[30;93H:[2;1H[30;93H[K[30;1H:[?25hq[?25l[97m[41mE37: No write since last change (add ! to override)[2;1H[m[30;103H2,1[11CAll[2;1H[?25h[?25l[30;93H^[[2;1H[30;93H  [2;1H[30;93H^[[2;1H[30;93H  [2;1H[?25h[?25l[30;93H:[2;1H[30;1H[K[30;1H:[?25hq![?25l[?2004l[>4;m[23;2t[23;1t[30;1H[K[30;1H[?1004l[?2004l[?1l>[?25h[>4;m[?1049l[23;0;0t[?2004h]0;pushvinder@TIGER02408: ~/TAMLE[01;32mpushvinder@TIGER02408[00m:[01;34m~/TAMLE[00m$ vim test.rb
[?2004l[?1049h[22;0;0t[>4;2m[?1h=[?2004h[?1004h[1;30r[?12h[?12l[22;2t[22;1t[27m[23m[29m[m[H[2J[?25l[30;1H"test.rb" [New][2;1H▽[6n[2;1H  [3;1HPzz\[0%m[6n[3;1H           [1;1H[>c]10;?]11;?[2;1H[94m~                                                                                                                       [3;1H~                                                                                                                       [4;1H~                                                                                                                       [5;1H~                                                                                                                       [6;1H~                                                                                                                       [7;1H~                                                                                                                       [8;1H~                                                                                                                       [9;1H~                                                                                                                       [10;1H~                                                                                                                       [11;1H~                                                                                                                       [12;1H~                                                                                                                       [13;1H~                                                                                                                       [14;1H~                                                                                                                       [15;1H~                                                                                                                       [16;1H~                                                                                                                       [17;1H~                                                                                                                       [18;1H~                                                                                                                       [19;1H~                                                                                                                       [20;1H~                                                                                                                       [21;1H~                                                                                                                       [22;1H~                                                                                                                       [23;1H~                                                                                                                       [24;1H~                                                                                                                       [25;1H~                                                                                                                       [26;1H~                                                                                                                       [27;1H~                                                                                                                       [28;1H~                                                                                                                       [29;1H~                                                                                                                       [m[30;103H0,0-1[9CAll[1;1H[?25h[?25l[30;93H^[[1;1H[30;95H[[1;1H[30;96H>[1;1H[30;97H0[1;1H[30;98H;[1;1H[30;99H1[1;1H[30;100H0[1;1H[30;101H;[1;1H[30;93H         [1;1H[?12$p[?25h[?25l[30;93Hh[1;1H[30;93H [1;1H[?25h[?25l[30;93He[1;1H[30;93H [1;1H[?25h[?25l[30;93Hh[1;1H[30;93H [1;1H[?25h[?25l[30;93He[1;1H[30;93H [1;1H[?25h[?25l[30;93Hl[1;1H[30;93H [1;1H[?25h[?25l[30;93Hl[1;1H[30;93H [1;1H[?25h[?25l[30;93Hh[1;1H[30;93H [1;1H[?25h[?25l[30;93Hh[1;1H[30;93H [1;1H[?25h[?25l[30;93H^[[1;1H[30;93H  [1;1H[30;93H^[[1;1H[30;93H  [1;1H[?25h[?25l[30;93H~@k[1;1H[30;93H   [1;1H[?25h[?25l[30;93H~@k[1;1H[30;93H   [1;1H[?25h[?25l[30;93H:[1;1H[30;1H[K[30;1H:[?25hqa[?25l[?2004l[>4;m[23;2t[23;1t[30;1H[K[30;1H[?1004l[?2004l[?1l>[?25h[>4;m[?1049l[23;0;0t[?2004h]0;pushvinder@TIGER02408: ~/TAMLE[01;32mpushvinder@TIGER02408[00m:[01;34m~/TAMLE[00m$ vim test.rb
[?2004l[?1049h[22;0;0t[>4;2m[?1h=[?2004h[?1004h[1;30r[?12h[?12l[22;2t[22;1t[27m[23m[29m[m[H[2J[?25l[30;1H"test.rb" [New][2;1H▽[6n[2;1H  [3;1HPzz\[0%m[6n[3;1H           [1;1H[>c]10;?]11;?[2;1H[94m~                                                                                                                       [3;1H~                                                                                                                       [4;1H~                                                                                                                       [5;1H~                                                                                                                       [6;1H~                                                                                                                       [7;1H~                                                                                                                       [8;1H~                                                                                                                       [9;1H~                                                                                                                       [10;1H~                                                                                                                       [11;1H~                                                                                                                       [12;1H~                                                                                                                       [13;1H~                                                                                                                       [14;1H~                                                                                                                       [15;1H~                                                                                                                       [16;1H~                                                                                                                       [17;1H~                                                                                                                       [18;1H~                                                                                                                       [19;1H~                                                                                                                       [20;1H~                                                                                                                       [21;1H~                                                                                                                       [22;1H~                                                                                                                       [23;1H~                                                                                                                       [24;1H~                                                                                                                       [25;1H~                                                                                                                       [26;1H~                                                                                                                       [27;1H~                                                                                                                       [28;1H~                                                                                                                       [29;1H~                                                                                                                       [m[30;103H0,0-1[9CAll[1;1H[?25h[?12$p[?25l[30;93Hh[1;1H[30;93H [1;1H[?25h[?25l[30;93Hi[1;1H[30;93H [1;1H[30;1H[1m-- INSERT --[m[30;13H[K[30;103H0,1[11CAll[1;1H[?25h[?25li[30;103H1,2[1;2H[?25h[?25lh[30;105H3[1;3H[?25h[?25li[30;105H4[1;4H[?25h[?25lh[30;105H5[1;5H[?25h[?25lh[30;105H6[1;6H[?25h[?25li[30;105H7[1;7H[?25h[?25lh[30;105H8[1;8H[?25h[?25li[30;105H9[1;9H[?25h[?25lh[30;105H10[1;10H[?25h[?25lio[30;106H2[1;12H[?25h[?25lh[30;106H3[1;13H[?25h[?25lo[30;106H4[1;14H[?25h[?25lh[30;106H5[1;15H[?25h[?25lh[30;106H6[1;16H[?25h[?25lo[30;106H7[1;17H[?25h[?25li[30;106H8[1;18H[?25h[?25lh[30;106H9[1;19H[?25h[?25l[30;105H20[1;20H[?25h[?25l:[30;106H1[1;21H[?25h[?25l[31m:q[m[30;106H2[1;22H[?25h[?25l[31ma[m[30;106H3[1;23H[?25h[?25l\[30;106H4[1;24H[?25h[?25l[1;23H[K[30;106H3[1;23H[?25h[?25l[1;22H[K[30;106H2[1;22H[?25h[?25l:[1;21H[K[30;106H1[1;21H[?25h[?25l[1;20H[K[30;106H0[1;20H[?25h[30;1H[K[1;19H[?25l[30;93H^[[1;19H[30;93H  [1;20H[30;103H1,19[10CAll[1;19H[?25h[?25l[30;93H:[1;19H[30;93H[K[30;1H:[?25hqa[?25l[97m[41mE37: No write since last change[m
[97m[41mE162: No write since last change for buffer "test.rb"[m
[32mPress ENTER or type command to continue[?25h[?25l[1;19H[m[2L[1;1Hihihhihihiohohhoih
[94m~                                                                                                                       [m[30;1H[K[30;103H1,19[10CAll[1;19H[?25h[?25l[30;93H:[1;19H[30;93H[K[30;1H:[?25hqa[?25l[97m[41mE37: No write since last change[m
[97m[41mE162: No write since last change for buffer "test.rb"[m
[32mPress ENTER or type command to continue[?25h[?25l[1;19H[m[2L[1;1Hihihhihihiohohhoih
[94m~                                                                                                                       [m[30;1H[K[30;103H1,19[10CAll[1;19H[?25h[?25l[30;93H^[[1;19H[30;93H  [1;19H[30;93H^[[1;19H[30;93H  [1;19H[?25h[?25l[30;93H:[1;19H[30;93H[K[30;1H:[?25hqa[?25l[97m[41mE37: No write since last change[m
[97m[41mE162: No write since last change for buffer "test.rb"[m
[32mPress ENTER or type command to continue[?25h[?25l[1;19H[m[2L[1;1Hihihhihihiohohhoih
[94m~                                                                                                                       [m[30;1H[K[30;103H1,19[10CAll[1;19H[?25h[?25l[30;93H:[1;19H[30;93H[K[30;1H:[?25hq[?25l[97m[41mE37: No write since last change (add ! to override)[1;19H[m[30;103H1,19[10CAll[1;19H[?25h[?25l[30;93H^M[1;19H[30;93H  [1;19H[?25h[?25l[30;93H![1;19H[?25h[?25l[30;94H^M[1;19H[30;93H   [1;19H[?25h[?25l[30;93H^[[1;19H[30;93H  [1;19H[30;93H^[[1;19H[30;93H  [1;19H[?25h[?25l[30;93H^[[1;19H[30;93H  [1;19H[30;93H^[[1;19H[30;93H  [1;19H[?25h[?25l[30;93H^[[1;19H[30;93H  [1;19H[30;93H^[[1;19H[30;93H  [1;19H[?25h[?25l[30;93H^[[1;19H[30;93H  [1;19H[30;93H^[[1;19H[30;93H  [1;19H[?25h[?25l[30;93H^[[1;19H[30;93H  [1;19H[30;93H^[[1;19H[30;93H  [1;19H[?25h[?25l[30;93H:[1;19H[30;1H[K[30;1H:[?25hq![?25l[?2004l[>4;m[23;2t[23;1t[30;1H[K[30;1H[?1004l[?2004l[?1l>[?25h[>4;m[?1049l[23;0;0t[?2004h]0;pushvinder@TIGER02408: ~/TAMLE[01;32mpushvinder@TIGER02408[00m:[01;34m~/TAMLE[00m$ git commit -a -m 'made a change'
[?2004l[testing 15dd010] made a change
 1 file changed, 1 insertion(+)
 create mode 160000 TAMLE
[?2004h]0;pushvinder@TIGER02408: ~/TAMLE[01;32mpushvinder@TIGER02408[00m:[01;34m~/TAMLE[00m$ git checkout master
[?2004lerror: pathspec 'master' did not match any file(s) known to git
[?2004h]0;pushvinder@TIGER02408: ~/TAMLE[01;32mpushvinder@TIGER02408[00m:[01;34m~/TAMLE[00m$ git checkout master[K[K[K[Kin
[?2004lwarning: unable to rmdir 'TAMLE': Directory not empty
Switched to branch 'main'
Your branch is up to date with 'origin/main'.
[?2004h]0;pushvinder@TIGER02408: ~/TAMLE[01;32mpushvinder@TIGER02408[00m:[01;34m~/TAMLE[00m$ git log --oneline --decorate --graph --all
[?2004l[?1h=* [33m15dd010[m[33m ([m[1;32mtesting[m[33m)[m made a change[m
* [33m7e70351[m[33m ([m[1;36mHEAD -> [m[1;32mmain[m[33m, [m[1;33mtag: v1.4[m[33m, [m[1;31morigin/main[m[33m, [m[1;31morigin/HEAD[m[33m, [m[1;32mversion2[m[33m)[m test commit done by pushvinder[m
* [33md98e303[m Create test[m
[K[?1l>[?2004h]0;pushvinder@TIGER02408: ~/TAMLE[01;32mpushvinder@TIGER02408[00m:[01;34m~/TAMLE[00m$ git branch -d hotfix
[?2004lerror: branch 'hotfix' not found.
[?2004h]0;pushvinder@TIGER02408: ~/TAMLE[01;32mpushvinder@TIGER02408[00m:[01;34m~/TAMLE[00m$ clear
[?2004l[H[2J[3J[?2004h]0;pushvinder@TIGER02408: ~/TAMLE[01;32mpushvinder@TIGER02408[00m:[01;34m~/TAMLE[00m$ git checkout main
[?2004lAlready on 'main'
Your branch is up to date with 'origin/main'.
[?2004h]0;pushvinder@TIGER02408: ~/TAMLE[01;32mpushvinder@TIGER02408[00m:[01;34m~/TAMLE[00m$ gir[Kt checkout testing
[?2004lSwitched to branch 'testing'
[?2004h]0;pushvinder@TIGER02408: ~/TAMLE[01;32mpushvinder@TIGER02408[00m:[01;34m~/TAMLE[00m$ git checkout main
[?2004lwarning: unable to rmdir 'TAMLE': Directory not empty
Switched to branch 'main'
Your branch is up to date with 'origin/main'.
[?2004h]0;pushvinder@TIGER02408: ~/TAMLE[01;32mpushvinder@TIGER02408[00m:[01;34m~/TAMLE[00m$ git merge tesing
[?2004lmerge: tesing - not something we can merge
[?2004h]0;pushvinder@TIGER02408: ~/TAMLE[01;32mpushvinder@TIGER02408[00m:[01;34m~/TAMLE[00m$ git merge tesingting
[?2004lUpdating 7e70351..15dd010
Fast-forward
 TAMLE | 1 [32m+[m
 1 file changed, 1 insertion(+)
 create mode 160000 TAMLE
[?2004h]0;pushvinder@TIGER02408: ~/TAMLE[01;32mpushvinder@TIGER02408[00m:[01;34m~/TAMLE[00m$ git bracn[K[Knch
[?2004l[?1h=* [32mmain[m[m
  testing[m[m
  version2[m[m
[K[?1l>[?2004h]0;pushvinder@TIGER02408: ~/TAMLE[01;32mpushvinder@TIGER02408[00m:[01;34m~/TAMLE[00m$ git branch -v
[?2004l[?1h=* [32mmain    [m 15dd010 [ahead 1] made a change[m
  testing [m 15dd010 made a change[m
  version2[m 7e70351 test commit done by pushvinder[m
[K[?1l>[?2004h]0;pushvinder@TIGER02408: ~/TAMLE[01;32mpushvinder@TIGER02408[00m:[01;34m~/TAMLE[00m$ git branch -v[K --merged
[?2004l[?1h=* [32mmain[m[m
  testing[m[m
  version2[m[m
[K[?1l>[?2004h]0;pushvinder@TIGER02408: ~/TAMLE[01;32mpushvinder@TIGER02408[00m:[01;34m~/TAMLE[00m$ git branch --no-merged
[?2004l[?1h=[K[?1l>[?2004h]0;pushvinder@TIGER02408: ~/TAMLE[01;32mpushvinder@TIGER02408[00m:[01;34m~/TAMLE[00m$ git branch
[?2004l[?1h=* [32mmain[m[m
  testing[m[m
  version2[m[m
[K[?1l>[?2004h]0;pushvinder@TIGER02408: ~/TAMLE[01;32mpushvinder@TIGER02408[00m:[01;34m~/TAMLE[00m$ git branch testing testing2
[?2004lfatal: A branch named 'testing' already exists.
[?2004h]0;pushvinder@TIGER02408: ~/TAMLE[01;32mpushvinder@TIGER02408[00m:[01;34m~/TAMLE[00m$ git branch testing testing2[C[C[1@ [1@-[1@-[1@m[1@o[1@v[1@e[C[1@ 
[?2004l[?2004h]0;pushvinder@TIGER02408: ~/TAMLE[01;32mpushvinder@TIGER02408[00m:[01;34m~/TAMLE[00m$ git push --set-upstream origin testing2
[?2004lEnumerating objects: 3, done.
Counting objects:  33% (1/3)Counting objects:  66% (2/3)Counting objects: 100% (3/3)Counting objects: 100% (3/3), done.
Delta compression using up to 8 threads
Compressing objects:  50% (1/2)Compressing objects: 100% (2/2)Compressing objects: 100% (2/2), done.
Writing objects:  50% (1/2)Writing objects: 100% (2/2)Writing objects: 100% (2/2), 340 bytes | 340.00 KiB/s, done.
Total 2 (delta 0), reused 0 (delta 0), pack-reused 0
remote: 
remote: Create a pull request for 'testing2' on GitHub by visiting:[K
remote:      https://github.com/pushvinder-16/TAMLE/pull/new/testing2[K
remote: 
To https://github.com/pushvinder-16/TAMLE.git
 * [new branch]      testing2 -> testing2
Branch 'testing2' set up to track remote branch 'testing2' from 'origin'.
[?2004h]0;pushvinder@TIGER02408: ~/TAMLE[01;32mpushvinder@TIGER02408[00m:[01;34m~/TAMLE[00m$ git push --set-upstream origin testing2[K[K[K[K[K[K[K[Kversion2
[?2004lTotal 0 (delta 0), reused 0 (delta 0), pack-reused 0
remote: 
remote: Create a pull request for 'version2' on GitHub by visiting:[K
remote:      https://github.com/pushvinder-16/TAMLE/pull/new/version2[K
remote: 
To https://github.com/pushvinder-16/TAMLE.git
 * [new branch]      version2 -> version2
Branch 'version2' set up to track remote branch 'version2' from 'origin'.
[?2004h]0;pushvinder@TIGER02408: ~/TAMLE[01;32mpushvinder@TIGER02408[00m:[01;34m~/TAMLE[00m$ git branch --all
[?2004l[?1h=* [32mmain[m[m
  testing2[m[m
  version2[m[m
  [31mremotes/origin/HEAD[m -> origin/main[m
  [31mremotes/origin/main[m[m
  [31mremotes/origin/testing2[m[m
  [31mremotes/origin/version2[m[m
[K[?1l>[?2004h]0;pushvinder@TIGER02408: ~/TAMLE[01;32mpushvinder@TIGER02408[00m:[01;34m~/TAMLE[00m$ git push --set-upstream origin main
[?2004lTotal 0 (delta 0), reused 0 (delta 0), pack-reused 0
To https://github.com/pushvinder-16/TAMLE.git
   7e70351..15dd010  main -> main
Branch 'main' set up to track remote branch 'main' from 'origin'.
[?2004h]0;pushvinder@TIGER02408: ~/TAMLE[01;32mpushvinder@TIGER02408[00m:[01;34m~/TAMLE[00m$ cllear
[?2004lCommand 'cllear' not found, did you mean:
  command 'clear' from deb ncurses-bin (6.3-2)
Try: sudo apt install <deb name>
[?2004h]0;pushvinder@TIGER02408: ~/TAMLE[01;32mpushvinder@TIGER02408[00m:[01;34m~/TAMLE[00m$ clear
[?2004l[H[2J[3J[?2004h]0;pushvinder@TIGER02408: ~/TAMLE[01;32mpushvinder@TIGER02408[00m:[01;34m~/TAMLE[00m$ git remote showw or[K[K[K[K origin
[?2004l* remote origin
  Fetch URL: https://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@github.com/pushvinder-16/TAMLE.git
  Push  URL: https://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@github.com/pushvinder-16/TAMLE.git
  HEAD branch: main
  Remote branches:
    main     tracked
    testing2 tracked
    version2 tracked
  Local branches configured for 'git pull':
    main     merges with remote main
    testing2 merges with remote testing2
    version2 merges with remote version2
  Local refs configured for 'git push':
    main     pushes to main     (up to date)
    testing2 pushes to testing2 (up to date)
    version2 pushes to version2 (up to date)
[?2004h]0;pushvinder@TIGER02408: ~/TAMLE[01;32mpushvinder@TIGER02408[00m:[01;34m~/TAMLE[00m$ git fetch origin
[?2004l[?2004h]0;pushvinder@TIGER02408: ~/TAMLE[01;32mpushvinder@TIGER02408[00m:[01;34m~/TAMLE[00m$ git branch -vv
[?2004l[?1h=* [32mmain    [m 15dd010 [[34morigin/main[m] made a change[m
  testing2[m 15dd010 [[34morigin/testing2[m] made a change[m
  version2[m 7e70351 [[34morigin/version2[m] test commit done by pushvinder[m
[K[?1l>[?2004h]0;pushvinder@TIGER02408: ~/TAMLE[01;32mpushvinder@TIGER02408[00m:[01;34m~/TAMLE[00m$ git fetch --all; git branch -vv
[?2004lFetching origin
[?1h=* [32mmain    [m 15dd010 [[34morigin/main[m] made a change[m
  testing2[m 15dd010 [[34morigin/testing2[m] made a change[m
  version2[m 7e70351 [[34morigin/version2[m] test commit done by pushvinder[m
[K[?1l>[?2004h]0;pushvinder@TIGER02408: ~/TAMLE[01;32mpushvinder@TIGER02408[00m:[01;34m~/TAMLE[00m$ git push origin --delete serverfix[K[K[K[K[K[K[K[K[Ktwe[K[Kesting2
[?2004lTo https://github.com/pushvinder-16/TAMLE.git
 - [deleted]         testing2
[?2004h]0;pushvinder@TIGER02408: ~/TAMLE[01;32mpushvinder@TIGER02408[00m:[01;34m~/TAMLE[00m$ git checkout experiment
[?2004lerror: pathspec 'experiment' did not match any file(s) known to git
[?2004h]0;pushvinder@TIGER02408: ~/TAMLE[01;32mpushvinder@TIGER02408[00m:[01;34m~/TAMLE[00m$ git checkout experiment[K[K[K[K[K[K[K[K[K[Kversion2
[?2004lwarning: unable to rmdir 'TAMLE': Directory not empty
Switched to branch 'version2'
Your branch is up to date with 'origin/version2'.
[?2004h]0;pushvinder@TIGER02408: ~/TAMLE[01;32mpushvinder@TIGER02408[00m:[01;34m~/TAMLE[00m$ git rebase master
[?2004lfatal: invalid upstream 'master'
[?2004h]0;pushvinder@TIGER02408: ~/TAMLE[01;32mpushvinder@TIGER02408[00m:[01;34m~/TAMLE[00m$ git rebase master[K[K[K[Kin
[?2004l[KSuccessfully rebased and updated refs/heads/version2.
[?2004h]0;pushvinder@TIGER02408: ~/TAMLE[01;32mpushvinder@TIGER02408[00m:[01;34m~/TAMLE[00m$ git status
[?2004lOn branch version2
Your branch is ahead of 'origin/version2' by 1 commit.
  (use "git push" to publish your local commits)

nothing to commit, working tree clean
[?2004h]0;pushvinder@TIGER02408: ~/TAMLE[01;32mpushvinder@TIGER02408[00m:[01;34m~/TAMLE[00m$ git braanch
[?2004lgit: 'braanch' is not a git command. See 'git --help'.

The most similar command is
	branch
[?2004h]0;pushvinder@TIGER02408: ~/TAMLE[01;32mpushvinder@TIGER02408[00m:[01;34m~/TAMLE[00m$ git branch
[?2004l[?1h=  main[m[m
  testing2[m[m
* [32mversion2[m[m
[K[?1l>[?2004h]0;pushvinder@TIGER02408: ~/TAMLE[01;32mpushvinder@TIGER02408[00m:[01;34m~/TAMLE[00m$ git checkout main
[?2004lSwitched to branch 'main'
Your branch is up to date with 'origin/main'.
[?2004h]0;pushvinder@TIGER02408: ~/TAMLE[01;32mpushvinder@TIGER02408[00m:[01;34m~/TAMLE[00m$ git meg=[K[Krge version2
[?2004lAlready up to date.
[?2004h]0;pushvinder@TIGER02408: ~/TAMLE[01;32mpushvinder@TIGER02408[00m:[01;34m~/TAMLE[00m$ exit
[?2004lexit

Script done on 2023-01-02 20:26:26+05:30 [COMMAND_EXIT_CODE="0"]
